<html>
<body>
<pre>
<h1>µVision Build Log</h1>
<h2>Project:</h2>
C:\Users\Dawid\Desktop\rep\First_Repository\7.4_Timer\Sliwka.uvproj
Project File Date:  05/22/2021

<h2>Output:</h2>
Rebuild target 'Target 1'
assembling Startup.s...
compiling main.c...
compiling led.c...
compiling keyboard.c...
compiling timer.c...
linking...
Program Size: Code=1292 RO-data=32 RW-data=4 ZI-data=1260  
FromELF: creating hex file...
".\Sliwka.axf" - 0 Errors, 0 Warning(s).
Clean started: Project: 'Sliwka'
   deleting intermediate output files for target 'Target 1'
